This is a testing file.
Hi
